Microchip MPLAB XC8 Compiler V2.32

Linker command line:

-W-3 --edf=C:\Program Files\Microchip\xc8\v2.32\pic\dat\en_msgs.txt -cn \
  -h+dist/default/production\projeto_final.X.production.sym \
  --cmf=dist/default/production\projeto_final.X.production.cmf -z -Q18F4520 \
  -oC:\Users\Daniel\AppData\Local\Temp\xcAs34c.4 --defsym=__MPLAB_BUILD=1 \
  -Mdist/default/production/projeto_final.X.production.map -E1 \
  -ver=XC8 Compiler --acfsm=1493 -ASTACK=080h-05FFh -pstack=STACK \
  -ACODE=00h-07FFFh -ACONST=00h-07FFFh -ASMALLCONST=0600h-06FFhx122 \
  -AMEDIUMCONST=0600h-07FFFh -ACOMRAM=01h-07Fh -AABS1=00h-05FFh \
  -ABIGRAM=01h-05FFh -ARAM=080h-0FFh,0100h-01FFhx5 -ABANK0=080h-0FFh \
  -ABANK1=0100h-01FFh -ABANK2=0200h-02FFh -ABANK3=0300h-03FFh \
  -ABANK4=0400h-04FFh -ABANK5=0500h-05FFh -ASFR=0F80h-0FFFh \
  -ACONFIG=0300000h-030000Dh -AIDLOC=0200000h-0200007h \
  -AEEDATA=0F00000h-0F000FFh -peeprom_data=EEDATA \
  -preset_vec=00h,intcode,intcodelo,powerup,init -pramtop=0600h \
  -psmallconst=SMALLCONST -pmediumconst=MEDIUMCONST -pconst=CONST \
  -AFARRAM=00h-00h \
  -prdata=COMRAM,nvrram=COMRAM,nvbit=COMRAM,rbss=COMRAM,rbit=COMRAM \
  -pfarbss=FARRAM,fardata=FARRAM,nvFARRAM=FARRAM \
  -pintsave_regs=BIGRAM,bigbss=BIGRAM,bigdata=BIGRAM -pbss=RAM \
  -pidata=CODE,irdata=CODE,ibigdata=CODE,ifardata=CODE -prparam=COMRAM \
  C:\Users\Daniel\AppData\Local\Temp\xcAs34c.o \
  dist/default/production\projeto_final.X.production.o 

Object code version is 3.11

Machine type is 18F4520



                Name                               Link     Load   Length Selector   Space Scale
C:\Users\Daniel\AppData\Local\Temp\xcAs34c.o
                idloc                            200000   200000        8        0       5
                config                           300000   300000        E        0       4
                init                                  0        0        4        0       0
dist/default/production\projeto_final.X.production.o
                idloc                            200000   200000        8        0       5
                config                           300000   300000        E        0       4
                smallconst                          600      600       78      300       0
                text21                              678      678      4C0      33C       0
                text20                             1580     1580       AA      33C       0
                text19                             1406     1406      17A      33C       0
                text18                             1A4C     1A4C        A      33C       0
                text17                             1A42     1A42        A      33C       0
                text16                             19EC     19EC       18      33C       0
                text15                             19D0     19D0       1C      33C       0
                text14                             11B8     11B8      24E      33C       0
                text13                             16B8     16B8       7E      33C       0
                text12                              F6A      F6A      24E      33C       0
                text11                             1736     1736       78      33C       0
                text10                             188E     188E       54      33C       0
                text9                              18E2     18E2       50      33C       0
                text8                              1970     1970       3A      33C       0
                text7                              1A2E     1A2E       14      33C       0
                text6                              17AE     17AE       74      33C       0
                text5                              19AA     19AA       26      33C       0
                text4                              1822     1822       6C      33C       0
                text3                              1A1A     1A1A       14      33C       0
                text2                              1932     1932       3E      33C       0
                text1                              162A     162A       8E      33C       0
                text0                               B38      B38      432      33C       0
                cstackCOMRAM                          1        1       20        1       1
                bssCOMRAM                            21       21        C        1       1
                cinit                              1A04     1A04       16      33C       0

TOTAL           Name                               Link     Load   Length     Space
        CLASS   STACK          

        CLASS   CODE           
                init                                  0        0        4         0
                text21                              678      678      4C0         0
                text20                             1580     1580       AA         0
                text19                             1406     1406      17A         0
                text18                             1A4C     1A4C        A         0
                text17                             1A42     1A42        A         0
                text16                             19EC     19EC       18         0
                text15                             19D0     19D0       1C         0
                text14                             11B8     11B8      24E         0
                text13                             16B8     16B8       7E         0
                text12                              F6A      F6A      24E         0
                text11                             1736     1736       78         0
                text10                             188E     188E       54         0
                text9                              18E2     18E2       50         0
                text8                              1970     1970       3A         0
                text7                              1A2E     1A2E       14         0
                text6                              17AE     17AE       74         0
                text5                              19AA     19AA       26         0
                text4                              1822     1822       6C         0
                text3                              1A1A     1A1A       14         0
                text2                              1932     1932       3E         0
                text1                              162A     162A       8E         0
                text0                               B38      B38      432         0
                cinit                              1A04     1A04       16         0

        CLASS   CONST          

        CLASS   SMALLCONST     
                smallconst                          600      600       78         0

        CLASS   MEDIUMCONST    

        CLASS   COMRAM         
                cstackCOMRAM                          1        1       20         1
                bssCOMRAM                            21       21        C         1

        CLASS   ABS1           

        CLASS   BIGRAM         

        CLASS   RAM            

        CLASS   BANK0          

        CLASS   BANK1          

        CLASS   BANK2          

        CLASS   BANK3          

        CLASS   BANK4          

        CLASS   BANK5          

        CLASS   SFR            

        CLASS   CONFIG         
                config                           300000   300000        E         4

        CLASS   IDLOC          
                idloc                            200000   200000        8         5

        CLASS   EEDATA         

        CLASS   FARRAM         



SEGMENTS        Name                           Load    Length   Top    Selector   Space  Class

                reset_vec                      000000  000004  000004         0       0  CODE    
                cstackCOMRAM                   000001  00002C  00002D         1       1  COMRAM  
                smallconst                     000600  000078  000678       300       0  SMALLCON
                text21                         000678  0013DE  001A56       33C       0  CODE    


UNUSED ADDRESS RANGES

        Name                Unused          Largest block    Delta
        BANK0            000080-0000FF               80
        BANK1            000100-0001FF              100
        BANK2            000200-0002FF              100
        BANK3            000300-0003FF              100
        BANK4            000400-0004FF              100
        BANK5            000500-0005FF              100
        BIGRAM           00002D-0005FF              5D3
        CODE             000004-0005FF              5FC
                         001A56-007FFF             65AA
        COMRAM           00002D-00007F               53
        CONST            000004-0005FF              5FC
                         001A56-007FFF             65AA
        EEDATA           F00000-F000FF              100
        MEDIUMCONST      001A56-007FFF             65AA
        RAM              000080-0005FF              100
        SFR              000F80-000FFF               80
        SMALLCONST       001A56-007FFF              100
        STACK            000080-0005FF              580

                                  Symbol Table

?___fladd                cstackCOMRAM 000001
?___lwdiv                cstackCOMRAM 000001
?___wmul                 cstackCOMRAM 000001
?_kpRead                 cstackCOMRAM 000001
Delay2ms@i               cstackCOMRAM 000002
Delay40us@i              cstackCOMRAM 000001
_ADCON0                  (abs)        000FC2
_ADCON0bits              (abs)        000FC2
_ADCON1                  (abs)        000FC1
_ADCON2                  (abs)        000FC0
_ADRESH                  (abs)        000FC4
_ADRESL                  (abs)        000FC3
_Delay2ms                text15       0019D0
_Delay40us               text16       0019EC
_PIR1bits                (abs)        000F9E
_PORTA                   (abs)        000F80
_PORTB                   (abs)        000F81
_PORTC                   (abs)        000F82
_PORTCbits               (abs)        000F82
_PORTD                   (abs)        000F83
_PORTE                   (abs)        000F84
_PORTEbits               (abs)        000F84
_RCREG                   (abs)        000FAE
_RCSTAbits               (abs)        000FAB
_SPBRG                   (abs)        000FAF
_TRISA                   (abs)        000F92
_TRISB                   (abs)        000F93
_TRISC                   (abs)        000F94
_TRISCbits               (abs)        000F94
_TRISD                   (abs)        000F95
_TRISE                   (abs)        000F96
_TRISEbits               (abs)        000F96
_TXREG                   (abs)        000FAD
_TXSTAbits               (abs)        000FAC
__HRAM                   (abs)        000000
__Habs1                  abs1         000000
__Hbank0                 bank0        000000
__Hbank1                 bank1        000000
__Hbank2                 bank2        000000
__Hbank3                 bank3        000000
__Hbank4                 bank4        000000
__Hbank5                 bank5        000000
__Hbigbss                bigbss       000000
__Hbigdata               bigdata      000000
__Hbigram                bigram       000000
__Hbss                   bss          000000
__HbssCOMRAM             bssCOMRAM    000000
__Hcinit                 cinit        000000
__Hclrtext               clrtext      000000
__Hcomram                comram       000000
__Hconfig                config       30000E
__Hconst                 const        000000
__HcstackCOMRAM          cstackCOMRAM 000000
__Hdata                  data         000000
__Heeprom_data           eeprom_data  000000
__Hfarbss                farbss       000000
__Hfardata               fardata      000000
__Hibigdata              ibigdata     000000
__Hidata                 idata        000000
__Hidloc                 idloc        200008
__Hifardata              ifardata     000000
__Hinit                  init         000004
__Hintcode               intcode      000000
__Hintcode_body          intcode_body 000000
__Hintcodelo             intcodelo    000000
__Hintentry              intentry     000000
__Hintret                intret       000000
__Hintsave_regs          intsave_regs 000000
__Hirdata                irdata       000000
__Hmediumconst           mediumconst  000000
__HnvFARRAM              nvFARRAM     000000
__Hnvbit                 nvbit        000000
__Hnvrram                nvrram       000000
__Hparam                 rparam       000000
__Hpowerup               powerup      000000
__Hram                   ram          000000
__Hramtop                ramtop       000600
__Hrbit                  rbit         000000
__Hrbss                  rbss         000000
__Hrdata                 rdata        000000
__Hreset_vec             reset_vec    000000
__Hrparam                rparam       000000
__Hsfr                   sfr          000000
__Hsmallconst            smallconst   000678
__Hspace_0               (abs)        001A56
__Hspace_1               (abs)        00002D
__Hspace_2               (abs)        000000
__Hspace_4               (abs)        60000E
__Hstack                 stack        000000
__Hstruct                struct       000000
__Htemp                  temp         000000
__Htext                  text         000000
__Htext0                 text0        000000
__Htext1                 text1        000000
__Htext10                text10       000000
__Htext11                text11       000000
__Htext12                text12       000000
__Htext13                text13       000000
__Htext14                text14       000000
__Htext15                text15       000000
__Htext16                text16       000000
__Htext17                text17       000000
__Htext18                text18       000000
__Htext19                text19       000000
__Htext2                 text2        000000
__Htext20                text20       000000
__Htext21                text21       000000
__Htext3                 text3        000000
__Htext4                 text4        000000
__Htext5                 text5        000000
__Htext6                 text6        000000
__Htext7                 text7        000000
__Htext8                 text8        000000
__Htext9                 text9        000000
__LRAM                   (abs)        000001
__Labs1                  abs1         000000
__Lbank0                 bank0        000000
__Lbank1                 bank1        000000
__Lbank2                 bank2        000000
__Lbank3                 bank3        000000
__Lbank4                 bank4        000000
__Lbank5                 bank5        000000
__Lbigbss                bigbss       000000
__Lbigdata               bigdata      000000
__Lbigram                bigram       000000
__Lbss                   bss          000000
__LbssCOMRAM             bssCOMRAM    000000
__Lcinit                 cinit        000000
__Lclrtext               clrtext      000000
__Lcomram                comram       000000
__Lconfig                config       000000
__Lconst                 const        000000
__LcstackCOMRAM          cstackCOMRAM 000000
__Ldata                  data         000000
__Leeprom_data           eeprom_data  000000
__Lfarbss                farbss       000000
__Lfardata               fardata      000000
__Libigdata              ibigdata     000000
__Lidata                 idata        000000
__Lidloc                 idloc        000000
__Lifardata              ifardata     000000
__Linit                  init         000000
__Lintcode               intcode      000000
__Lintcode_body          intcode_body 000000
__Lintcodelo             intcodelo    000000
__Lintentry              intentry     000000
__Lintret                intret       000000
__Lintsave_regs          intsave_regs 000000
__Lirdata                irdata       000000
__Lmediumconst           mediumconst  000000
__LnvFARRAM              nvFARRAM     000000
__Lnvbit                 nvbit        000000
__Lnvrram                nvrram       000000
__Lparam                 rparam       000000
__Lpowerup               powerup      000000
__Lram                   ram          000000
__Lramtop                ramtop       000600
__Lrbit                  rbit         000000
__Lrbss                  rbss         000000
__Lrdata                 rdata        000000
__Lreset_vec             reset_vec    000000
__Lrparam                rparam       000000
__Lsfr                   sfr          000000
__Lsmallconst            smallconst   000600
__Lspace_0               (abs)        000000
__Lspace_1               (abs)        000000
__Lspace_2               (abs)        000000
__Lspace_4               (abs)        000000
__Lstack                 stack        000000
__Lstruct                struct       000000
__Ltemp                  temp         000000
__Ltext                  text         000000
__Ltext0                 text0        000000
__Ltext1                 text1        000000
__Ltext10                text10       000000
__Ltext11                text11       000000
__Ltext12                text12       000000
__Ltext13                text13       000000
__Ltext14                text14       000000
__Ltext15                text15       000000
__Ltext16                text16       000000
__Ltext17                text17       000000
__Ltext18                text18       000000
__Ltext19                text19       000000
__Ltext2                 text2        000000
__Ltext20                text20       000000
__Ltext21                text21       000000
__Ltext3                 text3        000000
__Ltext4                 text4        000000
__Ltext5                 text5        000000
__Ltext6                 text6        000000
__Ltext7                 text7        000000
__Ltext8                 text8        000000
__Ltext9                 text9        000000
__S0                     (abs)        001A56
__S1                     (abs)        00002D
__S2                     (abs)        000000
__S4                     (abs)        000000
__S5                     (abs)        000000
___fladd                 text21       000678
___fladd@a               cstackCOMRAM 000005
___fladd@aexp            cstackCOMRAM 00000E
___fladd@b               cstackCOMRAM 000001
___fladd@bexp            cstackCOMRAM 00000F
___fladd@grs             cstackCOMRAM 000010
___fladd@signs           cstackCOMRAM 00000D
___fleq                  text20       001580
___fleq@ff1              cstackCOMRAM 000001
___fleq@ff2              cstackCOMRAM 000005
___inthi_sp              stack        000000
___intlo_sp              stack        000000
___lwdiv                 text6        0017AE
___lwdiv@counter         cstackCOMRAM 000007
___lwdiv@dividend        cstackCOMRAM 000001
___lwdiv@divisor         cstackCOMRAM 000003
___lwdiv@quotient        cstackCOMRAM 000005
___param_bank            (abs)        000000
___rparam_used           (abs)        000001
___sp                    stack        000000
___wmul                  text5        0019AA
___wmul@multiplicand     cstackCOMRAM 000003
___wmul@multiplier       cstackCOMRAM 000001
___wmul@product          cstackCOMRAM 000005
__accesstop              (abs)        000080
__activetblptr           (abs)        000002
__end_of_Delay2ms        text15       0019EC
__end_of_Delay40us       text16       001A04
__end_of___fladd         text21       000B38
__end_of___fleq          text20       00162A
__end_of___lwdiv         text6        001822
__end_of___wmul          text5        0019D0
__end_of__initialization cinit        001A10
__end_of_atraso_ms       text2        001970
__end_of_digitalWrite    text14       001406
__end_of_kpDebounce      text19       001580
__end_of_kpInit          text18       001A56
__end_of_kpRead          text17       001A4C
__end_of_lcdCommand      text13       001736
__end_of_lcdData         text10       0018E2
__end_of_lcdInit         text11       0017AE
__end_of_lcdMessage      text9        001932
__end_of_lcdPosition     text8        0019AA
__end_of_main            text0        000F6A
__end_of_pinMode         text12       0011B8
__end_of_pwmInit         text7        001A42
__end_of_pwmSet1         text4        00188E
__end_of_serial_init     text3        001A2E
__end_of_serial_rx       text1        0016B8
__end_of_valor           smallconst   000611
__initialization         cinit        001A04
__mediumconst            mediumconst  000000
__pbssCOMRAM             bssCOMRAM    000021
__pcinit                 cinit        001A04
__pcstackCOMRAM          cstackCOMRAM 000001
__psmallconst            smallconst   000600
__ptext0                 text0        000B38
__ptext1                 text1        00162A
__ptext10                text10       00188E
__ptext11                text11       001736
__ptext12                text12       000F6A
__ptext13                text13       0016B8
__ptext14                text14       0011B8
__ptext15                text15       0019D0
__ptext16                text16       0019EC
__ptext17                text17       001A42
__ptext18                text18       001A4C
__ptext19                text19       001406
__ptext2                 text2        001932
__ptext20                text20       001580
__ptext21                text21       000678
__ptext3                 text3        001A1A
__ptext4                 text4        001822
__ptext5                 text5        0019AA
__ptext6                 text6        0017AE
__ptext7                 text7        001A2E
__ptext8                 text8        001970
__ptext9                 text9        0018E2
__ramtop                 ramtop       000600
__size_of_Delay2ms       (abs)        000000
__size_of_Delay40us      (abs)        000000
__size_of___fladd        (abs)        000000
__size_of___fleq         (abs)        000000
__size_of___lwdiv        (abs)        000000
__size_of___wmul         (abs)        000000
__size_of_atraso_ms      (abs)        000000
__size_of_digitalWrite   (abs)        000000
__size_of_kpDebounce     (abs)        000000
__size_of_kpInit         (abs)        000000
__size_of_kpRead         (abs)        000000
__size_of_lcdCommand     (abs)        000000
__size_of_lcdData        (abs)        000000
__size_of_lcdInit        (abs)        000000
__size_of_lcdMessage     (abs)        000000
__size_of_lcdPosition    (abs)        000000
__size_of_main           (abs)        000000
__size_of_pinMode        (abs)        000000
__size_of_pwmInit        (abs)        000000
__size_of_pwmSet1        (abs)        000000
__size_of_serial_init    (abs)        000000
__size_of_serial_rx      (abs)        000000
__smallconst             smallconst   000600
_atraso_ms               text2        001932
_digitalWrite            text14       0011B8
_display                 bssCOMRAM    00002C
_kpDebounce              text19       001406
_kpInit                  text18       001A4C
_kpRead                  text17       001A42
_lcdCommand              text13       0016B8
_lcdData                 text10       00188E
_lcdInit                 text11       001736
_lcdMessage              text9        0018E2
_lcdPosition             text8        001970
_main                    text0        000B38
_pinMode                 text12       000F6A
_pwmInit                 text7        001A2E
_pwmSet1                 text4        001822
_serial_init             text3        001A1A
_serial_rx               text1        00162A
_v0                      bssCOMRAM    00002B
_v1                      bssCOMRAM    00002A
_v2                      bssCOMRAM    000029
_v3                      bssCOMRAM    000028
_valor                   smallconst   000601
_valor@keypad$F715       bssCOMRAM    000025
atraso_ms@i              cstackCOMRAM 000003
atraso_ms@j              cstackCOMRAM 000005
atraso_ms@valor          cstackCOMRAM 000001
digitalWrite@pin         cstackCOMRAM 000001
digitalWrite@value       cstackCOMRAM 000003
end_of_initialization    cinit        001A10
intlevel0                text         000000
intlevel1                text         000000
intlevel2                text         000000
intlevel3                text         000000
isa$std                  (abs)        000001
isa$xinst                (abs)        000000
kpDebounce@i             cstackCOMRAM 00000A
kpDebounce@j             cstackCOMRAM 000009
kpDebounce@k             cstackCOMRAM 000007
kpDebounce@old_D         cstackCOMRAM 000006
kpDebounce@tempo         bssCOMRAM    000027
kpDebounce@valorAntigo   bssCOMRAM    000021
kpDebounce@valorNovo     bssCOMRAM    000023
lcdCommand@cmd           cstackCOMRAM 000008
lcdCommand@old_D         cstackCOMRAM 000007
lcdData@old_D            cstackCOMRAM 000008
lcdData@valor            cstackCOMRAM 000007
lcdMessage@i             cstackCOMRAM 00000D
lcdMessage@message       cstackCOMRAM 000009
lcdPosition@coluna       cstackCOMRAM 000009
lcdPosition@comando      cstackCOMRAM 00000A
lcdPosition@linha        cstackCOMRAM 00000B
main@abastecer           cstackCOMRAM 000012
main@gasolina1           cstackCOMRAM 00001A
main@gasolina2           cstackCOMRAM 00001C
main@i                   cstackCOMRAM 000018
main@i_557               cstackCOMRAM 000019
main@ligado              cstackCOMRAM 00001D
main@marcha              cstackCOMRAM 00001B
main@setaDireita         cstackCOMRAM 000011
main@tecla               cstackCOMRAM 00001F
main@tempo               cstackCOMRAM 000014
main@tmp                 cstackCOMRAM 00001E
pinMode@pin              cstackCOMRAM 000001
pinMode@type             cstackCOMRAM 000003
pwmSet1@porcento         cstackCOMRAM 00000A
pwmSet1@val              cstackCOMRAM 00000B
serial_rx@timeout        cstackCOMRAM 000006
serial_rx@to             cstackCOMRAM 000008
stackhi                  (abs)        0005FF
stacklo                  (abs)        000080
start                    init         000000
start_initialization     cinit        001A04


MODULE INFORMATION

Module		Function		Class		Link	Load	Size
serial.c
		_serial_rx     		CODE           	162A	0000	142
		_serial_init   		CODE           	1A1A	0000	20

serial.c estimated size: 162

C:\Program Files\Microchip\xc8\v2.32\pic\sources\c99\common\sprcadd.c
		___fladd       		CODE           	0678	0000	1216

C:\Program Files\Microchip\xc8\v2.32\pic\sources\c99\common\sprcadd.c estimated size: 1216

keypad.c
		_kpInit        		CODE           	1A4C	0000	10
		_kpDebounce    		CODE           	1406	0000	378
		_kpRead        		CODE           	1A42	0000	10

keypad.c estimated size: 398

lcd2.c
		_lcdCommand    		CODE           	16B8	0000	126
		_lcdMessage    		CODE           	18E2	0000	80
		_lcdPosition   		CODE           	1970	0000	58
		_Delay40us     		CODE           	19EC	0000	24
		_lcdInit       		CODE           	1736	0000	120
		_lcdData       		CODE           	188E	0000	84
		_Delay2ms      		CODE           	19D0	0000	28

lcd2.c estimated size: 520

io.c
		_digitalWrite  		CODE           	11B8	0000	590
		_pinMode       		CODE           	0F6A	0000	590

io.c estimated size: 1180

pwm.c
		_pwmInit       		CODE           	1A2E	0000	20
		_pwmSet1       		CODE           	1822	0000	108

pwm.c estimated size: 128

C:\Program Files\Microchip\xc8\v2.32\pic\sources\c99\common\fleq.c
		___fleq        		CODE           	1580	0000	170

C:\Program Files\Microchip\xc8\v2.32\pic\sources\c99\common\fleq.c estimated size: 170

atraso.c
		_atraso_ms     		CODE           	1932	0000	62

atraso.c estimated size: 62

C:\Program Files\Microchip\xc8\v2.32\pic\sources\c99\common\Umul16.c
		___wmul        		CODE           	19AA	0000	38

C:\Program Files\Microchip\xc8\v2.32\pic\sources\c99\common\Umul16.c estimated size: 38

shared
		_valor         		SMALLCONST     	0601	0000	16
		__initialization		CODE           	1A04	0000	12

shared estimated size: 28

C:\Program Files\Microchip\xc8\v2.32\pic\sources\c99\common\lwdiv.c
		___lwdiv       		CODE           	17AE	0000	116

C:\Program Files\Microchip\xc8\v2.32\pic\sources\c99\common\lwdiv.c estimated size: 116

main.c
		_main          		CODE           	0B38	0000	1074

main.c estimated size: 1074

